// Jest Snapshot v1, https://goo.gl/fbAQLP

exports[`RenderVueComponent renderComponentsOnRails() should mount Vue component specified by element data-name to .vue-component element 1`] = `
<body>
  <!--function (a, b, c, d) { return createElement(vm, a, b, c, d, true); }-->
  <!--function (a, b, c, d) { return createElement(vm, a, b, c, d, true); }-->
</body>
`;
